
Memory Configuration

Name             Origin             Length             Attributes
ram              0x0000000000000000 0x00000000ffff0000 xrw
rom              0x00000000ffff0000 0x0000000000010000 xr
*default*        0x0000000000000000 0xffffffffffffffff

Linker script and memory map

                0x0000000000060000                __EH_FRAME = 0x60000
                0x0000000000009000                __STACK_START_16 = 0x9000
                0x0000000000009fff                __STACK_END_16 = 0x9fff
                0x000000002fff8000                __STACK_START_32 = 0x2fff8000
                0x000000002fff8fff                __STACK_END_32 = 0x2fff8fff
                0x00000000000003ff                __STACK_SIZE_32 = ((__STACK_END_32 - __STACK_START_32) / 0x4)
                0x0000000000010000                __FUNCTIONS_VMA = 0x10000
                0x0000000000020200                __KERNEL_32_VMA = 0x20200
                0x00000000ffff0000                __INIT_16_VMA = 0xffff0000
                0x00000000fffff800                __INIT_32_VMA = 0xfffff800
                0x00000000fffffc00                __FUNCTIONS_ROM_VMA = 0xfffffc00
                0x00000000fffffd00                __SYS_TABLES_VMA = 0xfffffd00
                0x00000000fffffff0                __RESET_VMA = 0xfffffff0
                0x00000000ffff0000                __INIT_16_LMA = 0xffff0000
                0x00000000ffff1000                __FUNCTIONS_LMA = 0xffff1000
                0x00000000ffff2000                __KERNEL_32_LMA = 0xffff2000
                0x00000000fffff800                __INIT_32_LMA = 0xfffff800
                0x00000000fffffc00                __FUNCTIONS_ROM_LMA = 0xfffffc00
                0x00000000fffffd00                __SYS_TABLES_LMA = 0xfffffd00
                0x00000000fffffff0                __RESET_LMA = 0xfffffff0

.codigo_kernel32
                0x0000000000020200        0x3 load address 0x00000000ffff2000
 *(.kernel32)
 .kernel32      0x0000000000020200        0x3 ./bin/main.elf
                0x0000000000020200                kernel32_init
                0x0000000000000003                __codigo_kernel32_size = SIZEOF (.codigo_kernel32)

.functions      0x0000000000010000       0x3c load address 0x00000000ffff1000
 *(.functions)
 .functions     0x0000000000010000       0x3c ./bin/functions.elf
                0x0000000000010000                __fast_memcpy
                0x000000000000003c                __functions_size = SIZEOF (.functions)

.codigo_init16  0x00000000ffff0000       0x43
 *(.ROM_init)
 .ROM_init      0x00000000ffff0000       0x43 ./bin/init16.elf
                0x00000000ffff0000                start16

.codigo_init32  0x00000000fffff800       0x76
 *(.start32)
 .start32       0x00000000fffff800       0x76 ./bin/init32.elf
                0x00000000fffff800                start32_launcher

.functions_rom  0x00000000fffffc00       0x3c
 *(.functions_rom*)
 .functions_rom
                0x00000000fffffc00       0x3c ./bin/functions_rom.elf
                0x00000000fffffc00                __fast_memcpy_rom
 *(.note.gnu.property)

.text           0x00000000fffffc3c        0x0
 .text          0x00000000fffffc3c        0x0 ./bin/functions.elf
 .text          0x00000000fffffc3c        0x0 ./bin/functions_rom.elf

.data           0x00000000fffffd00       0x26
 *(.sys_tables*)
 .sys_tables_progbits
                0x00000000fffffd00       0x26 ./bin/sys_tables.elf
                0x00000000fffffd20                _gdtr
 .data          0x00000000fffffd26        0x0 ./bin/functions.elf
 .data          0x00000000fffffd26        0x0 ./bin/functions_rom.elf

.codigo_reset   0x00000000fffffff0       0x10
 *(.resetVector)
 .resetVector   0x00000000fffffff0       0x10 ./bin/reset.elf
                0x00000000fffffff0                reset
LOAD ./bin/init32.elf
LOAD ./bin/reset.elf
LOAD ./bin/sys_tables.elf
LOAD ./bin/init16.elf
LOAD ./bin/main.elf
LOAD ./bin/functions.elf
LOAD ./bin/functions_rom.elf
OUTPUT(bin/mibios.bin binary)

.bss            0x0000000100000000        0x0
 .bss           0x0000000100000000        0x0 ./bin/functions.elf
 .bss           0x0000000100000000        0x0 ./bin/functions_rom.elf

.comment        0x0000000000000000       0x54
 .comment       0x0000000000000000       0x2a ./bin/functions.elf
 .comment       0x000000000000002a       0x2a ./bin/functions_rom.elf

.note.GNU-stack
                0x0000000000000000        0x0
 .note.GNU-stack
                0x0000000000000000        0x0 ./bin/functions.elf
 .note.GNU-stack
                0x0000000000000000        0x0 ./bin/functions_rom.elf
