
Memory Configuration

Name             Origin             Length             Attributes
ram              0x0000000000000000 0x00000000ffff0000 !x
rom              0x00000000ffff0000 0x0000000000010000 xr
*default*        0x0000000000000000 0xffffffffffffffff

Linker script and memory map

                0x0000000000060000                __EH_FRAME = 0x60000
                0x0000000000009000                __STACK_START_16 = 0x9000
                0x0000000000009fff                __STACK_END_16 = 0x9fff
                0x00000000000003ff                __STACK_SIZE_32 = ((__STACK_KERNEL_END_VMA - __STACK_KERNEL_VMA) / 0x4)
                0x0000000000000000                __SYS_TABLES_PHY = 0x0
                0x0000000000010000                __PAGE_TABLES_PHY = 0x10000
                0x0000000000010000                __CR3_KERNEL_PHY = 0x10000
                0x0000000001000000                __CR3_TAREA_1_PHY = 0x1000000
                0x0000000002000000                __CR3_TAREA_2_PHY = 0x2000000
                0x0000000003000000                __CR3_TAREA_3_PHY = 0x3000000
                0x0000000004000000                __CR3_TAREA_4_PHY = 0x4000000
                0x0000000000060000                __FUNCTIONS_PHY = 0x60000
                0x00000000000b8000                __VGA_PHY = 0xb8000
                0x0000000000100000                __TECLADO_ISR_PHY = 0x100000
                0x0000000000200000                __DATOS_SYS32_PHY = 0x200000
                0x0000000000210000                __DIGITS_TABLE_PHY = 0x210000
                0x0000000000220000                __KERNEL_32_PHY = 0x220000
                0x0000000000310000                __TAREA1_TEXT_PHY = 0x310000
                0x0000000000320000                __TAREA1_BSS_PHY = 0x320000
                0x0000000000330000                __TAREA1_DATA_PHY = 0x330000
                0x0000000000340000                __TAREA1_RODATA_PHY = 0x340000
                0x0000000000411000                __TAREA2_TEXT_PHY = 0x411000
                0x0000000000420000                __TAREA2_BSS_PHY = 0x420000
                0x0000000000430000                __TAREA2_DATA_PHY = 0x430000
                0x0000000000440000                __TAREA2_RODATA_PHY = 0x440000
                0x0000000000510000                __TAREA3_TEXT_PHY = 0x510000
                0x0000000000520000                __TAREA3_BSS_PHY = 0x520000
                0x0000000000530000                __TAREA3_DATA_PHY = 0x530000
                0x0000000000540000                __TAREA3_RODATA_PHY = 0x540000
                0x0000000000610000                __TAREA4_TEXT_PHY = 0x610000
                0x0000000000620000                __TAREA4_BSS_PHY = 0x620000
                0x0000000000630000                __TAREA4_DATA_PHY = 0x630000
                0x0000000000640000                __TAREA4_RODATA_PHY = 0x640000
                0x000000000a000000                __PAG_DINAMICA_INIT_PHY = 0xa000000
                0x000000001fff8000                __STACK_KERNEL_PHY = 0x1fff8000
                0x000000001fff8fff                __STACK_KERNEL_END_PHY = 0x1fff8fff
                0x00000000000003ff                __STACK_SIZE_KERNEL = ((__STACK_KERNEL_END_PHY - __STACK_KERNEL_PHY) / 0x4)
                0x000000001fff4000                __STACK_KERNEL_TAREA1_PHY = 0x1fff4000
                0x000000001fff4fff                __STACK_KERNEL_TAREA1_END_PHY = 0x1fff4fff
                0x000000001fff5000                __STACK_KERNEL_TAREA2_PHY = 0x1fff5000
                0x000000001fff5fff                __STACK_KERNEL_TAREA2_END_PHY = 0x1fff5fff
                0x000000001fff6000                __STACK_KERNEL_TAREA3_PHY = 0x1fff6000
                0x000000001fff6fff                __STACK_KERNEL_TAREA3_END_PHY = 0x1fff6fff
                0x000000001fff7000                __STACK_KERNEL_TAREA4_PHY = 0x1fff7000
                0x000000001fff7fff                __STACK_KERNEL_TAREA4_END_PHY = 0x1fff7fff
                0x000000001fff0000                __TAREA1_STACK_START_PHY = 0x1fff0000
                0x000000001fff0fff                __TAREA1_STACK_END_PHY = 0x1fff0fff
                0x00000000000003ff                __TAREA1_STACK_SIZE = ((__TAREA1_STACK_END_PHY - __TAREA1_STACK_START_PHY) / 0x4)
                0x000000001fff1000                __TAREA2_STACK_START_PHY = 0x1fff1000
                0x000000001fff1fff                __TAREA2_STACK_END_PHY = 0x1fff1fff
                0x00000000000003ff                __TAREA2_STACK_SIZE = ((__TAREA2_STACK_END_PHY - __TAREA2_STACK_START_PHY) / 0x4)
                0x000000001fff2000                __TAREA3_STACK_START_PHY = 0x1fff2000
                0x000000001fff2fff                __TAREA3_STACK_END_PHY = 0x1fff2fff
                0x00000000000003ff                __TAREA3_STACK_SIZE = ((__TAREA3_STACK_END_PHY - __TAREA3_STACK_START_PHY) / 0x4)
                0x000000001fff3000                __TAREA4_STACK_START_PHY = 0x1fff3000
                0x000000001fff3fff                __TAREA4_STACK_END_PHY = 0x1fff3fff
                0x00000000000003ff                __TAREA4_STACK_SIZE = ((__TAREA4_STACK_END_PHY - __TAREA4_STACK_START_PHY) / 0x4)
                0x0000000000000000                __SYS_TABLES_VMA = 0x0
                0x0000000000010000                __PAGE_TABLES_VMA = 0x10000
                0x0000000000050000                __FUNCTIONS_VMA = 0x50000
                0x0000000000e80000                __VGA_VMA = 0xe80000
                0x0000000000100000                __TECLADO_ISR_VMA = 0x100000
                0x0000000001200000                __DATOS_SYS32_VMA = 0x1200000
                0x0000000001210000                __DIGITS_TABLE_VMA = 0x1210000
                0x0000000001220000                __KERNEL_32_VMA = 0x1220000
                0x0000000001310000                __TAREA1_TEXT_VMA = 0x1310000
                0x0000000001320000                __TAREA1_BSS_VMA = 0x1320000
                0x0000000001330000                __TAREA1_DATA_VMA = 0x1330000
                0x0000000001340000                __TAREA1_RODATA_VMA = 0x1340000
                0x0000000001410000                __TAREA2_TEXT_VMA = 0x1410000
                0x0000000001420000                __TAREA2_BSS_VMA = 0x1420000
                0x0000000001430000                __TAREA2_DATA_VMA = 0x1430000
                0x0000000001440000                __TAREA2_RODATA_VMA = 0x1440000
                0x0000000001510000                __TAREA3_TEXT_VMA = 0x1510000
                0x0000000001520000                __TAREA3_BSS_VMA = 0x1520000
                0x0000000001530000                __TAREA3_DATA_VMA = 0x1530000
                0x0000000001540000                __TAREA3_RODATA_VMA = 0x1540000
                0x0000000001610000                __TAREA4_TEXT_VMA = 0x1610000
                0x0000000001620000                __TAREA4_BSS_VMA = 0x1620000
                0x0000000001630000                __TAREA4_DATA_VMA = 0x1630000
                0x0000000001640000                __TAREA4_RODATA_VMA = 0x1640000
                0x000000000a000000                __PAG_DINAMICA_INIT_VMA = 0xa000000
                0x000000001fff8000                __STACK_KERNEL_VMA = 0x1fff8000
                0x000000001fff8fff                __STACK_KERNEL_END_VMA = 0x1fff8fff
                0x000000001fff4000                __STACK_KERNEL_TAREA1_VMA = 0x1fff4000
                0x000000001fff4fff                __STACK_KERNEL_TAREA1_END_VMA = 0x1fff4fff
                0x000000001fff5000                __STACK_KERNEL_TAREA2_VMA = 0x1fff5000
                0x000000001fff5fff                __STACK_KERNEL_TAREA2_END_VMA = 0x1fff5fff
                0x000000001fff6000                __STACK_KERNEL_TAREA3_VMA = 0x1fff6000
                0x000000001fff6fff                __STACK_KERNEL_TAREA3_END_VMA = 0x1fff6fff
                0x000000001fff7000                __STACK_KERNEL_TAREA4_VMA = 0x1fff7000
                0x000000001fff7fff                __STACK_KERNEL_TAREA4_END_VMA = 0x1fff7fff
                0x000000000078f000                __TAREA1_STACK_START_VMA = 0x78f000
                0x000000000078ffff                __TAREA1_STACK_END_VMA = 0x78ffff
                0x0000000000790000                __TAREA2_STACK_START_VMA = 0x790000
                0x0000000000790fff                __TAREA2_STACK_END_VMA = 0x790fff
                0x0000000000791000                __TAREA3_STACK_START_VMA = 0x791000
                0x0000000000791fff                __TAREA3_STACK_END_VMA = 0x791fff
                0x0000000000792000                __TAREA4_STACK_START_VMA = 0x792000
                0x0000000000792fff                __TAREA4_STACK_END_VMA = 0x792fff
                0x0000000000001000                __TSS_BASICA = 0x1000
                0x0000000000002000                __TSS1_VMA = 0x2000
                0x0000000000003000                __TSS2_VMA = 0x3000
                0x0000000000004000                __TSS3_VMA = 0x4000
                0x0000000000005000                __TSS4_VMA = 0x5000
                0x0000000000006000                __MMX2_VMA = 0x6000
                0x0000000000007000                __MMX3_VMA = 0x7000
                0x00000000ffff0000                __INIT_ROM_VMA = 0xffff0000
                0x00000000fffffff0                __RESET_VMA = 0xfffffff0
                0x00000000ffff0000                __INIT_ROM_VMA = __INIT_ROM_LMA
                0x00000000ffffc000                __INIT_16_VMA = __INIT_16_LMA
                0x00000000ffffc069                __VGA_INIT_VMA = __VGA_INIT_LMA
                0x00000000ffffd38b                __INIT_32_VMA = __INIT_32_LMA
                0x00000000ffffe1e5                __FUNCTIONS_ROM_VMA = __FUNCTIONS_ROM_LMA
                0x00000000fffffff0                __RESET_VMA = __RESET_LMA
                0x00000000ffff0000                __INIT_ROM_LMA = 0xffff0000
                0x00000000ffff0000                __SYS_TABLES_LMA = __INIT_ROM_LMA
                0x00000000ffffc000                __INIT_16_LMA = 0xffffc000
                0x00000000fffffff0                __RESET_LMA = 0xfffffff0

.sys_tables_32  0x0000000000000000      0x454 load address 0x00000000ffff0000
 *(.sys_tables)
 .sys_tables    0x0000000000000000      0x454 ./bin/sys_tables.elf
                0x0000000000000040                _gdtr_32
                0x0000000000000046                IDT
                0x000000000000044e                _idtr_32
                0x0000000000000454                __sys_tables_size = SIZEOF (.sys_tables_32)
                0x00000000ffff0454                __FUNCTIONS_LMA = (LOADADDR (.sys_tables_32) + SIZEOF (.sys_tables_32))

.functions      0x0000000000050000      0xfcd load address 0x00000000ffff0454
 *(.functions_c)
 .functions_c   0x0000000000050000      0xac9 ./bin/functions.elf
                0x0000000000050000                __fast_memcpy
                0x000000000005003c                limpiar_buffer
                0x000000000005007f                determinar_tecla_presionada
                0x0000000000050140                escribir_buffer
                0x00000000000501ad                escribir_tabla_digitos
                0x00000000000502bd                leer_buffer
                0x0000000000050327                set_cr3
                0x0000000000050364                set_dir_page_table_entry
                0x000000000005044c                set_page_table_entry
                0x0000000000050573                set_page
                0x000000000005066a                escribir_caracter_VGA
                0x0000000000050718                escribir_mensaje_VGA
                0x000000000005081a                convertir_ASCII
                0x0000000000050848                msg_bienvenida_VGA
                0x00000000000508d6                limpiar_VGA
                0x0000000000050943                get_entry_DTP
                0x000000000005095e                get_entry_TP
                0x000000000005097e                mostrar_numero32_VGA
                0x0000000000050a15                mostrar_promedio64_VGA
 .functions_c   0x0000000000050ac9      0x21e ./bin/scheduler.elf
                0x0000000000050ac9                scheduler_c
                0x0000000000050c13                determinar_TSS_a_leer
                0x0000000000050c91                determinar_TSS_a_guardar
 *(.functions_asm)
 .functions_asm
                0x0000000000050ce7      0x2e6 ./bin/functions_asm.elf
                0x0000000000050ce7                init_tss
                0x0000000000050dce                leer_contexto_siguiente_asm
                0x0000000000050e44                guardar_contexto_asm
 ./bin/functions.elf(.note*)
 .note.GNU-stack
                0x0000000000050fcd        0x0 ./bin/functions.elf
 ./bin/functions.elf(.bss_functions_ram)
 ./bin/functions.elf(.data_functions_ram)
 ./bin/functions.elf(.rodata_functions_ram)
                0x0000000000000fcd                __functions_size = SIZEOF (.functions)
                0x00000000ffff1421                __TECLADO_ISR_LMA = (LOADADDR (.functions) + SIZEOF (.functions))

.handlers_ISR   0x0000000000100000      0x367 load address 0x00000000ffff1421
 *(.teclado_and_ISR)
 .teclado_and_ISR
                0x0000000000100000      0x367 ./bin/handlers_32.elf
                0x0000000000100030                return_guardar_contexto
                0x0000000000100043                return_leer_contexto
                0x0000000100000000                L_IRQ00_Handler
                0x0000000100000057                L_IRQ01_Handler
                0x00000001000000eb                L_ISR00_Handler_DE
                0x00000001000000f7                L_ISR02_Handler_NMI
                0x00000001000000fd                L_ISR03_Handler_BP
                0x0000000100000103                L_ISR04_Handler_OF
                0x0000000100000109                L_ISR05_Handler_BR
                0x000000010000010f                L_ISR06_Handler_UD
                0x0000000100000115                L_ISR07_Handler_NM
                0x000000010000013f                L_ISR08_Handler_DF
                0x0000000100000145                L_ISR10_Handler_TS
                0x000000010000014b                L_ISR11_Handler_NP
                0x0000000100000151                L_ISR12_Handler_SS
                0x0000000100000157                L_ISR13_Handler_GP
                0x000000010000015d                L_ISR14_Handler_PF
                0x00000001000002cf                L_ISR16_Handler_MF
                0x00000001000002d5                L_ISR17_Handler_AC
                0x00000001000002db                L_ISR18_Handler_MC
                0x00000001000002e1                L_ISR19_Handler_XM
                0x00000001000002e7                L_ISR128_Handler_SC
                0x0000000000000367                __handlers_32_size = SIZEOF (.handlers_ISR)
                0x00000000ffff1788                __DATOS_SYS32_LMA = (LOADADDR (.handlers_ISR) + SIZEOF (.handlers_ISR))

.datos_sys32    0x0000000001200000      0x22c load address 0x00000000ffff1788
 *(.data)
 .data          0x0000000001200000        0x0 ./bin/functions.elf
 .data          0x0000000001200000        0x0 ./bin/tarea_1.elf
 .data          0x0000000001200000        0x0 ./bin/tarea_2.elf
 .data          0x0000000001200000        0x0 ./bin/tarea_3.elf
 .data          0x0000000001200000        0x0 ./bin/tarea_4.elf
 .data          0x0000000001200000        0x0 ./bin/functions_rom.elf
 .data          0x0000000001200000        0x0 ./bin/scheduler.elf
 *(.data_kernel)
 .data_kernel   0x0000000001200000      0x139 ./bin/main.elf
                0x0000000001200000                memoria_buffer_reservada
                0x0000000001200013                contador_timer
                0x0000000001200014                dir_lineal_page_fault
                0x0000000001200018                error_code_PF
                0x000000000120001c                dir_phy_dinamica
                0x0000000001200020                paginas_creadas
                0x0000000001200024                TSS_aux
                0x0000000001200028                CR3_aux
                0x000000000120002c                Stack_aux
                0x000000000120005c                page_fault_msg
                0x0000000001200071                page_fault_msg_2
                0x000000000120007f                page_fault_msg_3
                0x000000000120008c                page_fault_msg_4
                0x00000000012000bd                page_fault_msg_5
                0x00000000012000d1                page_fault_msg_6
 .data_kernel   0x0000000001200139        0xa ./bin/scheduler.elf
                0x0000000001200139                tarea_RUNNING
                0x000000000120013a                tarea_READY
                0x000000000120013b                tarea_SUSPENDING
                0x000000000120013c                time_frame_100ms
                0x000000000120013d                time_frame_10ms
                0x000000000120013e                flag_500ms
                0x000000000120013f                flag_100ms
                0x0000000001200140                flag_200ms
                0x0000000001200141                flag_10ms
                0x0000000001200142                primer_context_save
 *(.rodata)
 *fill*         0x0000000001200143        0x1 
 .rodata        0x0000000001200144       0xce ./bin/functions.elf
 *(.bss)
 *fill*         0x0000000001200212        0x2 
 .bss           0x0000000001200214       0x18 ./bin/functions.elf
 .bss           0x000000000120022c        0x0 ./bin/tarea_1.elf
 .bss           0x000000000120022c        0x0 ./bin/tarea_2.elf
 .bss           0x000000000120022c        0x0 ./bin/tarea_3.elf
 .bss           0x000000000120022c        0x0 ./bin/tarea_4.elf
 .bss           0x000000000120022c        0x0 ./bin/functions_rom.elf
 .bss           0x000000000120022c        0x0 ./bin/scheduler.elf
                0x000000000000022c                __data_size = SIZEOF (.datos_sys32)
                0x00000000ffff19b4                __DIGITS_TABLE_LMA = (LOADADDR (.datos_sys32) + SIZEOF (.datos_sys32))

.table_digits   0x0000000001210000       0x61 load address 0x00000000ffff19b4
 *(.table_digits_64)
 .table_digits_64
                0x0000000001210000       0x61 ./bin/main.elf
                0x0000000001210000                POINTER_VMA_DIGITS_TABLE
                0x0000000000000061                __table_digits_size = SIZEOF (.table_digits)
                0x00000000ffff1a15                __KERNEL_32_LMA = (LOADADDR (.table_digits) + SIZEOF (.table_digits))

.codigo_kernel32
                0x0000000001220000       0x66 load address 0x00000000ffff1a15
 *(.kernel32)
 .kernel32      0x0000000001220000       0x66 ./bin/main.elf
                0x0000000001220000                kernel32_init
                0x0000000000000066                __codigo_kernel32_size = SIZEOF (.codigo_kernel32)
                0x00000000ffff1a7b                __TAREA1_TEXT_LMA = (LOADADDR (.codigo_kernel32) + SIZEOF (.codigo_kernel32))

.tarea_1_text   0x0000000001310000      0x23d load address 0x00000000ffff1a7b
 *(.functions_tarea_1)
 .functions_tarea_1
                0x0000000001310000      0x1f8 ./bin/tarea_1.elf
                0x0000000001310000                ejecutar_tarea_1
                0x000000000131003c                lectura_promedio64
                0x0000000001310074                promedio_digitos_64
                0x000000000131019d                sumatoria_digitos_64
 .functions_tarea_1
                0x00000000013101f8       0x45 ./bin/tarea_1_asm.elf
                0x00000000013101f8                tarea_1_asm
 ./bin/tarea_1.elf(.note*)
 .note.GNU-stack
                0x000000000131023d        0x0 ./bin/tarea_1.elf
                0x000000000000023d                __tarea_01_size = SIZEOF (.tarea_1_text)
                0x00000000ffff1cb8                __TAREA1_BSS_LMA = (LOADADDR (.tarea_1_text) + SIZEOF (.tarea_1_text))

.tarea_1_bss    0x0000000001320000       0x68 load address 0x00000000ffff1cb8
 *(.bss_tarea1)
 .bss_tarea1    0x0000000001320000       0x10 ./bin/tarea_1.elf
                0x0000000001320000                var_global_bss_tarea1
                0x0000000001320008                dummy_bss
 .bss_tarea1    0x0000000001320010       0x58 ./bin/tarea_1_asm.elf
                0x0000000001320010                resultado_promedio
                0x0000000001320018                TAREA1_DIGITS_TABLE
                0x0000000000000068                __tarea_1_bss_size = SIZEOF (.tarea_1_bss)
                0x00000000ffff1d20                __TAREA1_DATA_LMA = (LOADADDR (.tarea_1_bss) + SIZEOF (.tarea_1_bss))

.tarea_1_data   0x0000000001330000        0x2 load address 0x00000000ffff1d20
 *(.data_tarea1)
 .data_tarea1   0x0000000001330000        0x1 ./bin/tarea_1.elf
                0x0000000001330000                variable_global_inicializada
 .data_tarea1   0x0000000001330001        0x1 ./bin/tarea_1_asm.elf
                0x0000000000000002                __tarea_1_data_size = SIZEOF (.tarea_1_data)
                0x00000000ffff1d22                __TAREA1_RODATA_LMA = (LOADADDR (.tarea_1_data) + SIZEOF (.tarea_1_data))

.tarea_1_rodata
                0x0000000001340000        0x1 load address 0x00000000ffff1d22
 *(.rodata_tarea1)
 .rodata_tarea1
                0x0000000001340000        0x1 ./bin/tarea_1.elf
                0x0000000001340000                var_global_rodata_tarea1
 .rodata_tarea1
                0x0000000001340001        0x0 ./bin/tarea_1_asm.elf
                0x0000000000000001                __tarea_1_rodata_size = SIZEOF (.tarea_1_rodata)
                0x00000000ffff1d23                __TAREA2_TEXT_LMA = (LOADADDR (.tarea_1_rodata) + SIZEOF (.tarea_1_rodata))

.tarea_2_text   0x0000000001410000       0x66 load address 0x00000000ffff1d23
 *(.functions_tarea_2)
 .functions_tarea_2
                0x0000000001410000       0x66 ./bin/tarea_2_asm.elf
                0x0000000001410000                tarea_2_asm
                0x000000000141005c                tarea_2_AC_generate
 ./bin/tarea_2.elf(.note*)
 .note.GNU-stack
                0x0000000001410066        0x0 ./bin/tarea_2.elf
                0x0000000000000066                __tarea_02_size = SIZEOF (.tarea_2_text)
                0x00000000ffff1d89                __TAREA2_BSS_LMA = (LOADADDR (.tarea_2_text) + SIZEOF (.tarea_2_text))

.tarea_2_bss    0x0000000001420000       0x51 load address 0x00000000ffff1d89
 *(.bss_tarea2)
 .bss_tarea2    0x0000000001420000        0x1 ./bin/tarea_2.elf
                0x0000000001420000                var_global_bss_tarea2
 .bss_tarea2    0x0000000001420001       0x50 ./bin/tarea_2_asm.elf
                0x0000000000000051                __tarea_2_bss_size = SIZEOF (.tarea_2_bss)
                0x00000000ffff1dda                __TAREA2_DATA_LMA = (LOADADDR (.tarea_2_bss) + SIZEOF (.tarea_2_bss))

.tarea_2_data   0x0000000001430000        0xa load address 0x00000000ffff1dda
 *(.data_tarea2)
 .data_tarea2   0x0000000001430000        0x1 ./bin/tarea_2.elf
                0x0000000001430000                variable_global_inicializada_tarea2
 .data_tarea2   0x0000000001430001        0x9 ./bin/tarea_2_asm.elf
                0x000000000000000a                __tarea_2_data_size = SIZEOF (.tarea_2_data)
                0x00000000ffff1de4                __TAREA2_RODATA_LMA = (LOADADDR (.tarea_2_data) + SIZEOF (.tarea_2_data))

.tarea_2_rodata
                0x0000000001440000        0x1 load address 0x00000000ffff1de4
 *(.rodata_tarea2)
 .rodata_tarea2
                0x0000000001440000        0x1 ./bin/tarea_2.elf
                0x0000000001440000                var_global_rodata_tarea2
 .rodata_tarea2
                0x0000000001440001        0x0 ./bin/tarea_2_asm.elf
                0x0000000000000001                __tarea_2_rodata_size = SIZEOF (.tarea_2_rodata)
                0x00000000ffff1de5                __TAREA3_TEXT_LMA = (LOADADDR (.tarea_2_rodata) + SIZEOF (.tarea_2_rodata))

.tarea_3_text   0x0000000001510000       0x60 load address 0x00000000ffff1de5
 *(.functions_tarea_3)
 .functions_tarea_3
                0x0000000001510000        0x6 ./bin/tarea_3.elf
                0x0000000001510000                ejecutar_tarea_3
 .functions_tarea_3
                0x0000000001510006       0x5a ./bin/tarea_3_asm.elf
                0x0000000001510006                tarea_3_asm
 ./bin/tarea_3.elf(.note*)
 .note.GNU-stack
                0x0000000001510060        0x0 ./bin/tarea_3.elf
                0x0000000000000060                __tarea_03_size = SIZEOF (.tarea_3_text)
                0x00000000ffff1e45                __TAREA3_BSS_LMA = (LOADADDR (.tarea_3_text) + SIZEOF (.tarea_3_text))

.tarea_3_bss    0x0000000001520000       0x51 load address 0x00000000ffff1e45
 *(.bss_tarea3)
 .bss_tarea3    0x0000000001520000        0x1 ./bin/tarea_3.elf
                0x0000000001520000                var_global_bss_tarea3
 .bss_tarea3    0x0000000001520001       0x50 ./bin/tarea_3_asm.elf
                0x0000000000000051                __tarea_3_bss_size = SIZEOF (.tarea_3_bss)
                0x00000000ffff1e96                __TAREA3_DATA_LMA = (LOADADDR (.tarea_3_bss) + SIZEOF (.tarea_3_bss))

.tarea_3_data   0x0000000001530000        0xa load address 0x00000000ffff1e96
 *(.data_tarea3)
 .data_tarea3   0x0000000001530000        0x1 ./bin/tarea_3.elf
                0x0000000001530000                variable_global_inicializada_tarea3
 .data_tarea3   0x0000000001530001        0x9 ./bin/tarea_3_asm.elf
                0x000000000000000a                __tarea_3_data_size = SIZEOF (.tarea_3_data)
                0x00000000ffff1ea0                __TAREA3_RODATA_LMA = (LOADADDR (.tarea_3_data) + SIZEOF (.tarea_3_data))

.tarea_3_rodata
                0x0000000001540000        0x1 load address 0x00000000ffff1ea0
 *(.rodata_tarea3)
 .rodata_tarea3
                0x0000000001540000        0x1 ./bin/tarea_3.elf
                0x0000000001540000                var_global_rodata_tarea3
 .rodata_tarea3
                0x0000000001540001        0x0 ./bin/tarea_3_asm.elf
                0x0000000000000001                __tarea_3_rodata_size = SIZEOF (.tarea_3_rodata)
                0x00000000ffff1ea1                __TAREA4_TEXT_LMA = (LOADADDR (.tarea_3_rodata) + SIZEOF (.tarea_3_rodata))

.tarea_4_text   0x0000000001610000        0x9 load address 0x00000000ffff1ea1
 *(.functions_tarea_4)
 .functions_tarea_4
                0x0000000001610000        0x6 ./bin/tarea_4.elf
                0x0000000001610000                ejecutar_tarea_4
 .functions_tarea_4
                0x0000000001610006        0x3 ./bin/tarea_4_asm.elf
                0x0000000001610006                tarea_4_asm
 ./bin/tarea_4.elf(.note*)
 .note.GNU-stack
                0x0000000001610009        0x0 ./bin/tarea_4.elf
                0x0000000000000009                __tarea_04_size = SIZEOF (.tarea_4_text)
                0x00000000ffff1eaa                __TAREA4_BSS_LMA = (LOADADDR (.tarea_4_text) + SIZEOF (.tarea_4_text))

.tarea_4_bss    0x0000000001620000        0x1 load address 0x00000000ffff1eaa
 *(.bss_tarea4)
 .bss_tarea4    0x0000000001620000        0x1 ./bin/tarea_4.elf
                0x0000000001620000                var_global_bss_tarea4
 .bss_tarea4    0x0000000001620001        0x0 ./bin/tarea_4_asm.elf
                0x0000000000000001                __tarea_4_bss_size = SIZEOF (.tarea_4_bss)
                0x00000000ffff1eab                __TAREA4_DATA_LMA = (LOADADDR (.tarea_4_bss) + SIZEOF (.tarea_4_bss))

.tarea_4_data   0x0000000001630000        0x1 load address 0x00000000ffff1eab
 *(.data_tarea4)
 .data_tarea4   0x0000000001630000        0x1 ./bin/tarea_4.elf
                0x0000000001630000                variable_global_inicializada_tarea4
 .data_tarea4   0x0000000001630001        0x0 ./bin/tarea_4_asm.elf
                0x0000000000000001                __tarea_4_data_size = SIZEOF (.tarea_4_data)
                0x00000000ffff1eac                __TAREA4_RODATA_LMA = (LOADADDR (.tarea_4_data) + SIZEOF (.tarea_4_data))

.tarea_4_rodata
                0x0000000001640000        0x2 load address 0x00000000ffff1eac
 *(.rodata_tarea4)
 .rodata_tarea4
                0x0000000001640000        0x1 ./bin/tarea_4.elf
                0x0000000001640000                var_global_rodata_tarea4
 .rodata_tarea4
                0x0000000001640001        0x1 ./bin/tarea_4_asm.elf
                0x0000000000000002                __tarea_4_rodata_size = SIZEOF (.tarea_4_rodata)

.codigo_init16  0x00000000ffffc000       0x69
 *(.ROM_init)
 .ROM_init      0x00000000ffffc000       0x69 ./bin/init16.elf
                0x00000000ffffc000                start16
                0x00000000ffffc031                return_init_screen
                0x00000000ffffc069                __VGA_INIT_LMA = (LOADADDR (.codigo_init16) + SIZEOF (.codigo_init16))

.video_init     0x00000000ffffc069     0x1322
 *(.vga_init)
 .vga_init      0x00000000ffffc069     0x1322 ./bin/init_screen.elf
                0x00000000ffffd165                init_screen
                0x00000000ffffd38b                __INIT_32_LMA = (LOADADDR (.video_init) + SIZEOF (.video_init))

.codigo_init32  0x00000000ffffd38b      0xe5a
 *(.start32)
 .start32       0x00000000ffffd38b      0xe5a ./bin/init32.elf
                0x00000000ffffd38b                start32_launcher
                0x00000000ffffe1e5                __FUNCTIONS_ROM_LMA = (LOADADDR (.codigo_init32) + SIZEOF (.codigo_init32))

.functions_rom  0x00000000ffffe1e5      0x20f
 *(.functions_rom)
 .functions_rom
                0x00000000ffffe1e5      0x1ab ./bin/functions_rom.elf
                0x00000000ffffe1e5                __fast_memcpy_rom
                0x00000000ffffe221                set_cr3_rom
                0x00000000ffffe25e                set_page_rom
                0x00000000ffffe355                get_entry_DTP_rom
                0x00000000ffffe370                get_entry_TP_rom
 *(.functions_asm_rom)
 .functions_asm_rom
                0x00000000ffffe390       0x64 ./bin/functions_asm_rom.elf
                0x00000000ffffe390                init_pic
                0x00000000ffffe3bd                init_timer
                0x00000000ffffe3cc                init_teclado
 *(.note.gnu.property)
 ./bin/functions_rom.elf(.note*)
 .note.GNU-stack
                0x00000000ffffe3f4        0x0 ./bin/functions_rom.elf
 ./bin/functions_rom.elf(.data_functions_rom)
 ./bin/functions_rom.elf(.bss_functions_rom)
 ./bin/functions_rom.elf(.rodata_functions_rom)

.text           0x00000000ffffe3f4        0x0
 .text          0x00000000ffffe3f4        0x0 ./bin/functions.elf
 .text          0x00000000ffffe3f4        0x0 ./bin/tarea_1.elf
 .text          0x00000000ffffe3f4        0x0 ./bin/tarea_2.elf
 .text          0x00000000ffffe3f4        0x0 ./bin/tarea_3.elf
 .text          0x00000000ffffe3f4        0x0 ./bin/tarea_4.elf
 .text          0x00000000ffffe3f4        0x0 ./bin/functions_rom.elf
 .text          0x00000000ffffe3f4        0x0 ./bin/scheduler.elf

.codigo_reset   0x00000000fffffff0       0x10
 *(.resetVector)
 .resetVector   0x00000000fffffff0       0x10 ./bin/reset.elf
                0x00000000fffffff0                reset
LOAD ./bin/init32.elf
LOAD ./bin/reset.elf
LOAD ./bin/init16.elf
LOAD ./bin/main.elf
LOAD ./bin/functions_asm.elf
LOAD ./bin/functions_asm_rom.elf
LOAD ./bin/functions_rom.elf
LOAD ./bin/handlers_32.elf
LOAD ./bin/functions.elf
LOAD ./bin/sys_tables.elf
LOAD ./bin/init_screen.elf
LOAD ./bin/tarea_1.elf
LOAD ./bin/tarea_1_asm.elf
LOAD ./bin/tarea_2.elf
LOAD ./bin/tarea_2_asm.elf
LOAD ./bin/tarea_3.elf
LOAD ./bin/tarea_3_asm.elf
LOAD ./bin/tarea_4.elf
LOAD ./bin/tarea_4_asm.elf
LOAD ./bin/scheduler.elf
OUTPUT(bin/mibios.bin binary)

.comment        0x0000000000000000      0x126
 .comment       0x0000000000000000       0x2a ./bin/functions.elf
 .comment       0x000000000000002a       0x2a ./bin/tarea_1.elf
 .comment       0x0000000000000054       0x2a ./bin/tarea_2.elf
 .comment       0x000000000000007e       0x2a ./bin/tarea_3.elf
 .comment       0x00000000000000a8       0x2a ./bin/tarea_4.elf
 .comment       0x00000000000000d2       0x2a ./bin/functions_rom.elf
 .comment       0x00000000000000fc       0x2a ./bin/scheduler.elf

.note.GNU-stack
                0x0000000000000000        0x0
 .note.GNU-stack
                0x0000000000000000        0x0 ./bin/scheduler.elf
